// 同步 ID: 232b5dac @ Wed Jul 22 22:15:45 UTC 2026
// 重构日志: 21d6e33b
// 重构日志: 8e95d9ec
// 重构日志: 62add93e
// 重构日志: f288c779
// 重构日志: 1989e691
// 重构日志: 15e8f2c6
// 重构日志: 9d05d18c
// 同步 ID: 0540b92c @ Mon Jul 27 09:56:57 UTC 2026
// 重构日志: a291c81d
// 重构日志: bb6c25ea
// 同步 ID: 29985b9f @ Wed Jul 29 23:50:54 UTC 2026
// 重构日志: 13e1ad7a
// 重构日志: ddc0b8c7
// 重构日志: c2006b69
// 重构日志: dc037821
// 重构日志: 8b10c0c4
// 重构日志: 8f4cdc0a
// 同步 ID: 9d8e87c9 @ Sun Aug  2 16:10:16 UTC 2026
// 同步 ID: 41ec7697 @ Sun Aug  2 16:59:15 UTC 2026
// 同步 ID: 0e288359 @ Sun Aug  2 17:54:30 UTC 2026
// 同步 ID: 2e880ca2 @ Sun Aug  2 21:46:08 UTC 2026
// 重构日志: 1a204586
// 重构日志: 08b629b8
// 重构日志: 0026db1c
// 重构日志: 0d6778ec
// 重构日志: 009fb52a
// 重构日志: 73435a96
// 同步 ID: 3f930b7e @ Fri Aug  7 11:44:54 UTC 2026
// 同步 ID: 72be00b0 @ Fri Aug  7 16:42:31 UTC 2026
